This is pdfTeX, Version 3.141592653-2.6-1.40.26 (TeX Live 2024) (preloaded format=pdflatex)
 restricted \write18 enabled.
entering extended mode
(./main.tex
LaTeX2e <2023-11-01> patch level 1
L3 programming layer <2024-05-08>
(./sn-jnl.cls
Document Class: sn-jnl 2019/11/18 v0.1: An authoring template for Springer Jour
nal articles
(c:/texlive/2024/texmf-dist/tex/latex/base/article.cls
Document Class: article 2023/05/17 v1.4n Standard LaTeX document class
(c:/texlive/2024/texmf-dist/tex/latex/base/fleqn.clo)
(c:/texlive/2024/texmf-dist/tex/latex/base/size10.clo))
(c:/texlive/2024/texmf-dist/tex/latex/geometry/geometry.sty
(c:/texlive/2024/texmf-dist/tex/latex/graphics/keyval.sty)
(c:/texlive/2024/texmf-dist/tex/generic/iftex/ifvtex.sty
(c:/texlive/2024/texmf-dist/tex/generic/iftex/iftex.sty)))
(c:/texlive/2024/texmf-dist/tex/latex/sttools/cuted.sty)
(c:/texlive/2024/texmf-dist/tex/latex/graphics/rotating.sty
(c:/texlive/2024/texmf-dist/tex/latex/graphics/graphicx.sty
(c:/texlive/2024/texmf-dist/tex/latex/graphics/graphics.sty
(c:/texlive/2024/texmf-dist/tex/latex/graphics/trig.sty)
(c:/texlive/2024/texmf-dist/tex/latex/graphics-cfg/graphics.cfg)
(c:/texlive/2024/texmf-dist/tex/latex/graphics-def/pdftex.def)))
(c:/texlive/2024/texmf-dist/tex/latex/base/ifthen.sty))
(c:/texlive/2024/texmf-dist/tex/latex/threeparttable/threeparttable.sty)
(c:/texlive/2024/texmf-dist/tex/latex/appendix/appendix.sty)
(c:/texlive/2024/texmf-dist/tex/latex/hyperref/hyperref.sty
(c:/texlive/2024/texmf-dist/tex/latex/kvsetkeys/kvsetkeys.sty)
(c:/texlive/2024/texmf-dist/tex/generic/kvdefinekeys/kvdefinekeys.sty)
(c:/texlive/2024/texmf-dist/tex/generic/pdfescape/pdfescape.sty
(c:/texlive/2024/texmf-dist/tex/generic/ltxcmds/ltxcmds.sty)
(c:/texlive/2024/texmf-dist/tex/generic/pdftexcmds/pdftexcmds.sty
(c:/texlive/2024/texmf-dist/tex/generic/infwarerr/infwarerr.sty)))
(c:/texlive/2024/texmf-dist/tex/latex/hycolor/hycolor.sty)
(c:/texlive/2024/texmf-dist/tex/latex/hyperref/nameref.sty
(c:/texlive/2024/texmf-dist/tex/latex/refcount/refcount.sty)
(c:/texlive/2024/texmf-dist/tex/generic/gettitlestring/gettitlestring.sty
(c:/texlive/2024/texmf-dist/tex/latex/kvoptions/kvoptions.sty)))
(c:/texlive/2024/texmf-dist/tex/latex/etoolbox/etoolbox.sty)
(c:/texlive/2024/texmf-dist/tex/generic/stringenc/stringenc.sty)
(c:/texlive/2024/texmf-dist/tex/latex/hyperref/pd1enc.def)
(c:/texlive/2024/texmf-dist/tex/generic/intcalc/intcalc.sty)
(c:/texlive/2024/texmf-dist/tex/latex/hyperref/puenc.def)
(c:/texlive/2024/texmf-dist/tex/latex/url/url.sty)
(c:/texlive/2024/texmf-dist/tex/generic/bitset/bitset.sty
(c:/texlive/2024/texmf-dist/tex/generic/bigintcalc/bigintcalc.sty))
(c:/texlive/2024/texmf-dist/tex/latex/base/atbegshi-ltx.sty))
(c:/texlive/2024/texmf-dist/tex/latex/hyperref/hpdftex.def
(c:/texlive/2024/texmf-dist/tex/latex/base/atveryend-ltx.sty)
(c:/texlive/2024/texmf-dist/tex/latex/rerunfilecheck/rerunfilecheck.sty
(c:/texlive/2024/texmf-dist/tex/generic/uniquecounter/uniquecounter.sty)))
(c:/texlive/2024/texmf-dist/tex/latex/wrapfig/wrapfig.sty)
(c:/texlive/2024/texmf-dist/tex/latex/amscls/amsthm.sty)
(c:/texlive/2024/texmf-dist/tex/latex/base/fix-cm.sty
(c:/texlive/2024/texmf-dist/tex/latex/base/ts1enc.def))
(c:/texlive/2024/texmf-dist/tex/latex/natbib/natbib.sty))
(c:/texlive/2024/texmf-dist/tex/latex/amsmath/amsmath.sty
For additional information on amsmath, use the `?' option.
(c:/texlive/2024/texmf-dist/tex/latex/amsmath/amstext.sty
(c:/texlive/2024/texmf-dist/tex/latex/amsmath/amsgen.sty))
(c:/texlive/2024/texmf-dist/tex/latex/amsmath/amsbsy.sty)
(c:/texlive/2024/texmf-dist/tex/latex/amsmath/amsopn.sty))
(c:/texlive/2024/texmf-dist/tex/latex/amsfonts/amssymb.sty
(c:/texlive/2024/texmf-dist/tex/latex/amsfonts/amsfonts.sty))
(c:/texlive/2024/texmf-dist/tex/latex/physics/physics.sty
(c:/texlive/2024/texmf-dist/tex/latex/l3packages/xparse/xparse.sty
(c:/texlive/2024/texmf-dist/tex/latex/l3kernel/expl3.sty
(c:/texlive/2024/texmf-dist/tex/latex/l3backend/l3backend-pdftex.def))))
(c:/texlive/2024/texmf-dist/tex/latex/tools/bm.sty)
(c:/texlive/2024/texmf-dist/tex/latex/float/float.sty)
(c:/texlive/2024/texmf-dist/tex/latex/caption/subcaption.sty
(c:/texlive/2024/texmf-dist/tex/latex/caption/caption.sty
(c:/texlive/2024/texmf-dist/tex/latex/caption/caption3.sty)

Package caption Warning: Unknown document class (or package),
(caption)                standard defaults will be used.
See the caption package documentation for explanation.

)) (c:/texlive/2024/texmf-dist/tex/latex/algorithms/algorithm.sty)
(c:/texlive/2024/texmf-dist/tex/latex/algorithmicx/algpseudocode.sty
(c:/texlive/2024/texmf-dist/tex/latex/algorithmicx/algorithmicx.sty
Document Style algorithmicx 1.2 - a greatly improved `algorithmic' style
)
Document Style - pseudocode environments for use with the `algorithmicx' style
) (c:/texlive/2024/texmf-dist/tex/latex/xcolor/xcolor.sty
(c:/texlive/2024/texmf-dist/tex/latex/graphics-cfg/color.cfg)
(c:/texlive/2024/texmf-dist/tex/latex/graphics/mathcolor.ltx)) (./main.aux)
*geometry* driver: auto-detecting
*geometry* detected driver: pdftex
(c:/texlive/2024/texmf-dist/tex/context/base/mkii/supp-pdf.mkii
[Loading MPS to PDF converter (version 2006.09.02).]
) (c:/texlive/2024/texmf-dist/tex/latex/epstopdf-pkg/epstopdf-base.sty
(c:/texlive/2024/texmf-dist/tex/latex/latexconfig/epstopdf-sys.cfg))
(./main.out) (./main.out)
(c:/texlive/2024/texmf-dist/tex/latex/amsfonts/umsa.fd)
(c:/texlive/2024/texmf-dist/tex/latex/amsfonts/umsb.fd)
Underfull \vbox (badness 10000) has occurred while \output is active
Underfull \vbox (badness 10000) has occurred while \output is active [1{c:/texl
ive/2024/texmf-var/fonts/map/pdftex/updmap/pdftex.map}]
Underfull \vbox (badness 10000) has occurred while \output is active
Underfull \vbox (badness 10000) has occurred while \output is active [2]
Underfull \vbox (badness 10000) has occurred while \output is active [3]
Underfull \vbox (badness 10000) has occurred while \output is active [4]
Underfull \vbox (badness 10000) has occurred while \output is active [5]
Underfull \vbox (badness 10000) has occurred while \output is active [6]
Underfull \vbox (badness 10000) has occurred while \output is active [7 <./figu
res/10x10main_without_numbers.pdf>]
Underfull \hbox (badness 10000) in paragraph at lines 245--247


Underfull \vbox (badness 10000) has occurred while \output is active [8]
Underfull \vbox (badness 10000) has occurred while \output is active
Underfull \vbox (badness 10000) has occurred while \output is active [9]
Underfull \vbox (badness 10000) has occurred while \output is active [10 <./fig
ures/new_tabled_10x10_bar_chart_log_ENG_new_8STATES.pdf>]
Underfull \vbox (badness 10000) has occurred while \output is active
Underfull \vbox (badness 10000) has occurred while \output is active [11 <./fig
ures/9states_modes_simulation_line_10x10_with_selection_ENG.pdf>]
Underfull \vbox (badness 10000) has occurred while \output is active [12]
Underfull \vbox (badness 10000) has occurred while \output is active
Underfull \vbox (badness 10000) has occurred while \output is active [13 <./fig
ures/log10x10_p_L.pdf> <./figures/log10x10_p_L_SCALED.pdf>]
Underfull \vbox (badness 10000) has occurred while \output is active
Underfull \vbox (badness 10000) has occurred while \output is active [14 <./fig
ures/with_examples_1.pdf> <./figures/with_examples_2.pdf> <./figures/with_examp
les_3.pdf>]
Underfull \vbox (badness 10000) has occurred while \output is active [15 <./fig
ures/mode_1_p_log_ENG.pdf> <./figures/mode_2_p_log_ENG.pdf> <./figures/mode_3_p
_log_ENG.pdf> <./figures/gap_p_log_ENG.pdf>]
Underfull \vbox (badness 10000) has occurred while \output is active [16 <./fig
ures/10x10_IPR_graph_mode_k_1.pdf> <./figures/10x10_IPR_graph_mode_k_2.pdf> <./
figures/10x10_IPR_graph_mode_k_3.pdf>]
Underfull \vbox (badness 10000) has occurred while \output is active
Underfull \vbox (badness 10000) has occurred while \output is active [17{c:/tex
live/2024/texmf-dist/fonts/enc/dvips/cm-super/cm-super-ts1.enc}]
Underfull \hbox (badness 10000) in paragraph at lines 499--500


Underfull \vbox (badness 10000) has occurred while \output is active [18 <./fig
ures/10x10_community_analyse_mode_k_1_ENG.pdf> <./figures/10x10_community_analy
se_mode_k_2_ENG.pdf> <./figures/10x10_community_analyse_mode_k_3_ENG.pdf>]
Underfull \vbox (badness 10000) has occurred while \output is active [19]
Underfull \vbox (badness 10000) has occurred while \output is active
Underfull \vbox (badness 10000) has occurred while \output is active [20 <./fig
ures/Task_B_Strict_Layout_Fixed_test_p_0_ENG15_edited_part1.pdf>]
Underfull \vbox (badness 10000) has occurred while \output is active [21 <./fig
ures/Task_B_Strict_Layout_Fixed_test_p_0_ENG15_edited_part2.pdf>]
Underfull \vbox (badness 10000) has occurred while \output is active [22 <./fig
ures/Step1_Three_Modes.pdf>]
Underfull \vbox (badness 10000) has occurred while \output is active [23 <./fig
ures/final_hot_state.pdf> <./figures/final_cold_state.pdf>]
Underfull \vbox (badness 10000) has occurred while \output is active [24 <./fig
ures/alg_compare.pdf>]
Underfull \vbox (badness 10000) has occurred while \output is active
Underfull \vbox (badness 10000) has occurred while \output is active [25]

Package hyperref Warning: Difference (4) between bookmark levels is greater 
(hyperref)                than one, level fixed on input line 699.

(./main.bbl
Underfull \vbox (badness 10000) has occurred while \output is active [26]
Underfull \vbox (badness 10000) has occurred while \output is active
Underfull \vbox (badness 10000) has occurred while \output is active [27])
Underfull \vbox (badness 10000) has occurred while \output is active [28]
(./main.aux) )
(see the transcript file for additional information)<c:/texlive/2024/texmf-dist
/fonts/type1/public/amsfonts/cm/cmbx10.pfb><c:/texlive/2024/texmf-dist/fonts/ty
pe1/public/amsfonts/cm/cmbx12.pfb><c:/texlive/2024/texmf-dist/fonts/type1/publi
c/amsfonts/cm/cmbx8.pfb><c:/texlive/2024/texmf-dist/fonts/type1/public/amsfonts
/cm/cmbx9.pfb><c:/texlive/2024/texmf-dist/fonts/type1/public/amsfonts/cm/cmex10
.pfb><c:/texlive/2024/texmf-dist/fonts/type1/public/amsfonts/cm/cmmi10.pfb><c:/
texlive/2024/texmf-dist/fonts/type1/public/amsfonts/cm/cmmi5.pfb><c:/texlive/20
24/texmf-dist/fonts/type1/public/amsfonts/cm/cmmi7.pfb><c:/texlive/2024/texmf-d
ist/fonts/type1/public/amsfonts/cm/cmmi9.pfb><c:/texlive/2024/texmf-dist/fonts/
type1/public/amsfonts/cm/cmr10.pfb><c:/texlive/2024/texmf-dist/fonts/type1/publ
ic/amsfonts/cm/cmr12.pfb><c:/texlive/2024/texmf-dist/fonts/type1/public/amsfont
s/cm/cmr17.pfb><c:/texlive/2024/texmf-dist/fonts/type1/public/amsfonts/cm/cmr5.
pfb><c:/texlive/2024/texmf-dist/fonts/type1/public/amsfonts/cm/cmr7.pfb><c:/tex
live/2024/texmf-dist/fonts/type1/public/amsfonts/cm/cmr8.pfb><c:/texlive/2024/t
exmf-dist/fonts/type1/public/amsfonts/cm/cmr9.pfb><c:/texlive/2024/texmf-dist/f
onts/type1/public/amsfonts/cm/cmsy10.pfb><c:/texlive/2024/texmf-dist/fonts/type
1/public/amsfonts/cm/cmsy7.pfb><c:/texlive/2024/texmf-dist/fonts/type1/public/a
msfonts/cm/cmsy9.pfb><c:/texlive/2024/texmf-dist/fonts/type1/public/amsfonts/cm
/cmti10.pfb><c:/texlive/2024/texmf-dist/fonts/type1/public/cm-super/sfrm1000.pf
b>
Output written on main.pdf (28 pages, 583862 bytes).
Transcript written on main.log.
